// Vitest Snapshot v1, https://vitest.dev/guide/snapshot.html

exports[`GlyphInput > should render correctly 1`] = `
"<div data-v-ed03a538=""><label data-v-ed03a538="" class="required" for="portalglyphsInput">Glyphs or Coordinates:</label>
  <div data-v-ed03a538="" class="glyph-input-wrapper"><input data-v-ed03a538="" maxlength="19" class="glyphs-input" id="portalglyphsInput" type="text"><button data-v-ed03a538="" class="delete-button is-error" id="delButton" type="button"> ← Delete </button></div>
  <div data-v-ed03a538="" class="portal-buttons grid"><button data-v-ed03a538="" class="button glyphs" type="button" id="glyphButton1" value="0">0</button><button data-v-ed03a538="" class="button glyphs" type="button" id="glyphButton2" value="1">1</button><button data-v-ed03a538="" class="button glyphs" type="button" id="glyphButton3" value="2">2</button><button data-v-ed03a538="" class="button glyphs" type="button" id="glyphButton4" value="3">3</button><button data-v-ed03a538="" class="button glyphs" type="button" id="glyphButton5" value="4">4</button><button data-v-ed03a538="" class="button glyphs" type="button" id="glyphButton6" value="5">5</button><button data-v-ed03a538="" class="button glyphs" type="button" id="glyphButton7" value="6">6</button><button data-v-ed03a538="" class="button glyphs" type="button" id="glyphButton8" value="7">7</button><button data-v-ed03a538="" class="button glyphs" type="button" id="glyphButton9" value="8">8</button><button data-v-ed03a538="" class="button glyphs" type="button" id="glyphButton10" value="9">9</button><button data-v-ed03a538="" class="button glyphs" type="button" id="glyphButton11" value="A">A</button><button data-v-ed03a538="" class="button glyphs" type="button" id="glyphButton12" value="B">B</button><button data-v-ed03a538="" class="button glyphs" type="button" id="glyphButton13" value="C">C</button><button data-v-ed03a538="" class="button glyphs" type="button" id="glyphButton14" value="D">D</button><button data-v-ed03a538="" class="button glyphs" type="button" id="glyphButton15" value="E">E</button><button data-v-ed03a538="" class="button glyphs" type="button" id="glyphButton16" value="F">F</button></div>
  <p data-v-ed03a538="" class="glyph-display-wrapper" style="display: none;"><output data-v-ed03a538="" class="glyphs" id="glyphDisplay"></output></p>
</div>"
`;

exports[`GlyphInput > should render correctly when component is in error 1`] = `
"<div data-v-ed03a538=""><label data-v-ed03a538="" class="required" for="portalglyphsInput">Glyphs or Coordinates:</label>
  <div data-v-ed03a538="" class="glyph-input-wrapper"><input data-v-ed03a538="" maxlength="19" class="glyphs-input" id="portalglyphsInput" type="text" aria-invalid="true"><button data-v-ed03a538="" class="delete-button is-error" id="delButton" type="button"> ← Delete </button></div>
  <div data-v-ed03a538="" class="portal-buttons grid"><button data-v-ed03a538="" class="button glyphs" type="button" id="glyphButton1" value="0">0</button><button data-v-ed03a538="" class="button glyphs" type="button" id="glyphButton2" value="1">1</button><button data-v-ed03a538="" class="button glyphs" type="button" id="glyphButton3" value="2">2</button><button data-v-ed03a538="" class="button glyphs" type="button" id="glyphButton4" value="3">3</button><button data-v-ed03a538="" class="button glyphs" type="button" id="glyphButton5" value="4">4</button><button data-v-ed03a538="" class="button glyphs" type="button" id="glyphButton6" value="5">5</button><button data-v-ed03a538="" class="button glyphs" type="button" id="glyphButton7" value="6">6</button><button data-v-ed03a538="" class="button glyphs" type="button" id="glyphButton8" value="7">7</button><button data-v-ed03a538="" class="button glyphs" type="button" id="glyphButton9" value="8">8</button><button data-v-ed03a538="" class="button glyphs" type="button" id="glyphButton10" value="9">9</button><button data-v-ed03a538="" class="button glyphs" type="button" id="glyphButton11" value="A">A</button><button data-v-ed03a538="" class="button glyphs" type="button" id="glyphButton12" value="B">B</button><button data-v-ed03a538="" class="button glyphs" type="button" id="glyphButton13" value="C">C</button><button data-v-ed03a538="" class="button glyphs" type="button" id="glyphButton14" value="D">D</button><button data-v-ed03a538="" class="button glyphs" type="button" id="glyphButton15" value="E">E</button><button data-v-ed03a538="" class="button glyphs" type="button" id="glyphButton16" value="F">F</button></div>
  <p data-v-ed03a538="" class="glyph-display-wrapper" style="display: none;"><output data-v-ed03a538="" class="glyphs" id="glyphDisplay"></output></p>
</div>"
`;
