// Vitest Snapshot v1, https://vitest.dev/guide/snapshot.html

exports[`PrefixGenerator > should render correctly 1`] = `
"<h2 data-v-49337c37="">Name Generator</h2>
<p data-v-49337c37="">A proper system name consists of two parts:</p>
<div data-v-49337c37="" class="input-group">
  <div data-v-49337c37=""><label data-v-49337c37="" for="systemName">System Name:</label><input data-v-49337c37="" id="systemName" type="text"></div>
  <div data-v-ed03a538="" data-v-49337c37="" class="glyph-input"><label data-v-ed03a538="" class="required" for="portalglyphsInput">Glyphs or Coordinates:</label>
    <div data-v-ed03a538="" class="glyph-input-wrapper"><input data-v-ed03a538="" maxlength="19" class="glyphs-input" id="portalglyphsInput" type="text"><button data-v-ed03a538="" class="delete-button is-error" id="delButton" role="button" type="button"> ‚Üê Delete </button></div>
    <div data-v-ed03a538="" class="portal-buttons grid"><button data-v-ed03a538="" class="button glyphs" type="button" id="glyphButton1" value="0">0</button><button data-v-ed03a538="" class="button glyphs" type="button" id="glyphButton2" value="1">1</button><button data-v-ed03a538="" class="button glyphs" type="button" id="glyphButton3" value="2">2</button><button data-v-ed03a538="" class="button glyphs" type="button" id="glyphButton4" value="3">3</button><button data-v-ed03a538="" class="button glyphs" type="button" id="glyphButton5" value="4">4</button><button data-v-ed03a538="" class="button glyphs" type="button" id="glyphButton6" value="5">5</button><button data-v-ed03a538="" class="button glyphs" type="button" id="glyphButton7" value="6">6</button><button data-v-ed03a538="" class="button glyphs" type="button" id="glyphButton8" value="7">7</button><button data-v-ed03a538="" class="button glyphs" type="button" id="glyphButton9" value="8">8</button><button data-v-ed03a538="" class="button glyphs" type="button" id="glyphButton10" value="9">9</button><button data-v-ed03a538="" class="button glyphs" type="button" id="glyphButton11" value="A">A</button><button data-v-ed03a538="" class="button glyphs" type="button" id="glyphButton12" value="B">B</button><button data-v-ed03a538="" class="button glyphs" type="button" id="glyphButton13" value="C">C</button><button data-v-ed03a538="" class="button glyphs" type="button" id="glyphButton14" value="D">D</button><button data-v-ed03a538="" class="button glyphs" type="button" id="glyphButton15" value="E">E</button><button data-v-ed03a538="" class="button glyphs" type="button" id="glyphButton16" value="F">F</button></div>
    <p data-v-ed03a538="" class="glyph-display-wrapper" style="display: none;"><output data-v-ed03a538="" class="glyphs" id="glyphDisplay"></output></p>
  </div>
</div>
<div data-v-49337c37="" class="status-wrapper" style="display: none;">
  <p data-v-49337c37="" class="status error">Not in Eisvana!</p>
</div>
<div data-v-49337c37="" class="output-wrapper" style="display: none;">
  <p data-v-49337c37="" class="output-label">Prefix:</p><output data-v-49337c37="" class="prefix-output"></output>
</div>
<button data-v-49337c37="" class="reset-button secondary" type="reset" style="display: none;"> Reset </button>"
`;
